[2025-07-11 21:48:02,358] [panoptic.py:281] [INFO] running sam!
[2025-07-11 21:48:06,723] [panoptic.py:299] [INFO] Processing 'assets/apple.jpg'...
[2025-07-11 21:50:25,638] [panoptic.py:312] [INFO] sam done!

[2025-07-11 21:50:25,638] [panoptic.py:314] [INFO] running semantic seg model!
[2025-07-11 21:50:32,726] [panoptic.py:316] [INFO] semantic predict done!

[2025-07-11 21:50:32,726] [panoptic.py:318] [INFO] running object detection model
[2025-07-11 21:50:32,735] [config.py:66] [WARNING] Loading config configs/Base-CRCNN-COCO.yaml with yaml.unsafe_load. Your machine may be at risk if the file contains malicious content.
[2025-07-11 21:50:33,822] [detection_checkpoint.py:38] [INFO] [DetectionCheckpointer] Loading from ckpts/Unified_learned_OCIM_RS200_6x+2x.pth ...
[2025-07-11 21:50:33,823] [checkpoint.py:150] [INFO] [Checkpointer] Loading from ckpts/Unified_learned_OCIM_RS200_6x+2x.pth ...
[2025-07-11 21:50:34,927] [checkpoint.py:350] [WARNING] Some model parameters or buffers are not found in the checkpoint:
[34mbackbone.bottom_up.res2.0.conv1.norm.num_batches_tracked[0m
[34mbackbone.bottom_up.res2.0.conv2.bn0.num_batches_tracked[0m
[34mbackbone.bottom_up.res2.0.conv2.bn1.num_batches_tracked[0m
[34mbackbone.bottom_up.res2.0.conv3.norm.num_batches_tracked[0m
[34mbackbone.bottom_up.res2.0.shortcut.norm.num_batches_tracked[0m
[34mbackbone.bottom_up.res2.1.conv1.norm.num_batches_tracked[0m
[34mbackbone.bottom_up.res2.1.conv2.bn0.num_batches_tracked[0m
[34mbackbone.bottom_up.res2.1.conv2.bn1.num_batches_tracked[0m
[34mbackbone.bottom_up.res2.1.conv3.norm.num_batches_tracked[0m
[34mbackbone.bottom_up.res2.2.conv1.norm.num_batches_tracked[0m
[34mbackbone.bottom_up.res2.2.conv2.bn0.num_batches_tracked[0m
[34mbackbone.bottom_up.res2.2.conv2.bn1.num_batches_tracked[0m
[34mbackbone.bottom_up.res2.2.conv3.norm.num_batches_tracked[0m
[34mbackbone.bottom_up.stem.conv1_1.norm.num_batches_tracked[0m
[34mbackbone.bottom_up.stem.conv1_2.norm.num_batches_tracked[0m
[34mbackbone.bottom_up.stem.conv1_3.norm.num_batches_tracked[0m
[2025-07-11 21:50:36,155] [object_detection.py:104] [INFO] assets/apple.jpg: detected 5 instances in 1.10s
[2025-07-11 21:50:36,159] [panoptic.py:320] [INFO] object detection done!

[2025-07-11 21:50:36,159] [panoptic.py:323] [INFO] panoramic segmentation!
[2025-07-11 21:50:37,123] [enhance_semantic_masks.py:28] [INFO] results/panoptic/apple/sam_mask/0 assign label: [ 25, apple, 1.00, 0.4960 ]
[2025-07-11 21:50:38,038] [enhance_semantic_masks.py:28] [INFO] results/panoptic/apple/sam_mask/1 assign label: [ 0, background, 0.98, 0.4878 ]
[2025-07-11 21:50:38,048] [enhance_semantic_masks.py:28] [INFO] results/panoptic/apple/sam_mask/2 assign label: [ 25, apple, 1.00, 0.0068 ]
[2025-07-11 21:50:38,050] [enhance_semantic_masks.py:28] [INFO] results/panoptic/apple/sam_mask/3 assign label: [ 25, apple, 1.00, 0.0006 ]
[2025-07-11 21:50:38,051] [enhance_semantic_masks.py:28] [INFO] results/panoptic/apple/sam_mask/4 assign label: [ 25, apple, 1.00, 0.0001 ]
[2025-07-11 21:50:38,529] [panoptic.py:325] [INFO] panoramic segmentation done!

[2025-07-11 21:50:38,529] [panoptic.py:327] [INFO] The results saved in results/panoptic!

