[2025-07-15 14:08:50,705] [semantic.py:269] [INFO] running sam!
[2025-07-15 14:08:55,044] [semantic.py:287] [INFO] Processing 'assets/Image.jpg'...
[2025-07-15 14:12:41,152] [semantic.py:300] [INFO] sam done!

[2025-07-15 14:12:41,152] [semantic.py:303] [INFO] running semantic seg model!
[2025-07-15 14:13:14,842] [semantic.py:305] [INFO] semantic predict done!

[2025-07-15 14:13:14,842] [semantic.py:308] [INFO] enhance semantic masks
[2025-07-15 14:13:15,237] [enhance_semantic_masks.py:28] [INFO] results/semantic_image/Image/sam_mask/0 assign label: [ 44, orange, 0.79, 0.0499 ]
[2025-07-15 14:13:15,417] [enhance_semantic_masks.py:28] [INFO] results/semantic_image/Image/sam_mask/1 assign label: [ 44, orange, 0.78, 0.0455 ]
[2025-07-15 14:13:15,593] [enhance_semantic_masks.py:28] [INFO] results/semantic_image/Image/sam_mask/2 assign label: [ 44, orange, 0.70, 0.0441 ]
[2025-07-15 14:13:15,700] [enhance_semantic_masks.py:28] [INFO] results/semantic_image/Image/sam_mask/3 assign label: [ 25, apple, 0.73, 0.0286 ]
[2025-07-15 14:13:15,968] [enhance_semantic_masks.py:28] [INFO] results/semantic_image/Image/sam_mask/4 assign label: [ 0, background, 0.90, 0.0647 ]
[2025-07-15 14:13:16,065] [enhance_semantic_masks.py:28] [INFO] results/semantic_image/Image/sam_mask/5 assign label: [ 44, orange, 0.68, 0.0255 ]
[2025-07-15 14:13:16,104] [enhance_semantic_masks.py:28] [INFO] results/semantic_image/Image/sam_mask/6 assign label: [ 0, background, 0.47, 0.0104 ]
[2025-07-15 14:13:16,159] [enhance_semantic_masks.py:28] [INFO] results/semantic_image/Image/sam_mask/7 assign label: [ 44, orange, 0.63, 0.0151 ]
[2025-07-15 14:13:16,218] [enhance_semantic_masks.py:28] [INFO] results/semantic_image/Image/sam_mask/8 assign label: [ 0, background, 0.42, 0.0159 ]
[2025-07-15 14:13:16,328] [enhance_semantic_masks.py:28] [INFO] results/semantic_image/Image/sam_mask/9 assign label: [ 25, apple, 0.72, 0.0288 ]
[2025-07-15 14:13:16,718] [enhance_semantic_masks.py:28] [INFO] results/semantic_image/Image/sam_mask/10 assign label: [ 0, background, 0.37, 0.0945 ]
[2025-07-15 14:13:16,802] [enhance_semantic_masks.py:28] [INFO] results/semantic_image/Image/sam_mask/11 assign label: [ 44, orange, 0.61, 0.0224 ]
[2025-07-15 14:13:17,074] [enhance_semantic_masks.py:28] [INFO] results/semantic_image/Image/sam_mask/12 assign label: [ 0, background, 0.99, 0.0674 ]
[2025-07-15 14:13:17,362] [enhance_semantic_masks.py:28] [INFO] results/semantic_image/Image/sam_mask/13 assign label: [ 29, banana, 0.93, 0.0683 ]
[2025-07-15 14:13:17,747] [enhance_semantic_masks.py:28] [INFO] results/semantic_image/Image/sam_mask/14 assign label: [ 0, background, 0.37, 0.0943 ]
[2025-07-15 14:13:17,830] [enhance_semantic_masks.py:28] [INFO] results/semantic_image/Image/sam_mask/15 assign label: [ 44, orange, 0.61, 0.0223 ]
[2025-07-15 14:13:17,869] [enhance_semantic_masks.py:28] [INFO] results/semantic_image/Image/sam_mask/16 assign label: [ 11, wine, 0.37, 0.0107 ]
[2025-07-15 14:13:17,907] [enhance_semantic_masks.py:28] [INFO] results/semantic_image/Image/sam_mask/17 assign label: [ 47, pork, 0.46, 0.0106 ]
[2025-07-15 14:13:18,120] [enhance_semantic_masks.py:28] [INFO] results/semantic_image/Image/sam_mask/18 assign label: [ 29, banana, 0.91, 0.0539 ]
[2025-07-15 14:13:18,407] [enhance_semantic_masks.py:28] [INFO] results/semantic_image/Image/sam_mask/19 assign label: [ 29, banana, 0.99, 0.0733 ]
[2025-07-15 14:13:18,432] [enhance_semantic_masks.py:28] [INFO] results/semantic_image/Image/sam_mask/20 assign label: [ 70, potato, 0.99, 0.0072 ]
[2025-07-15 14:13:18,646] [enhance_semantic_masks.py:28] [INFO] results/semantic_image/Image/sam_mask/21 assign label: [ 29, banana, 0.91, 0.0540 ]
[2025-07-15 14:13:18,825] [enhance_semantic_masks.py:28] [INFO] results/semantic_image/Image/sam_mask/22 assign label: [ 44, orange, 0.78, 0.0457 ]
[2025-07-15 14:13:19,244] [enhance_semantic_masks.py:28] [INFO] results/semantic_image/Image/sam_mask/23 assign label: [ 47, pork, 0.27, 0.0990 ]
[2025-07-15 14:13:19,657] [enhance_semantic_masks.py:28] [INFO] results/semantic_image/Image/sam_mask/24 assign label: [ 47, pork, 0.27, 0.0991 ]
[2025-07-15 14:13:19,675] [enhance_semantic_masks.py:28] [INFO] results/semantic_image/Image/sam_mask/25 assign label: [ 11, wine, 0.75, 0.0052 ]
[2025-07-15 14:13:19,721] [enhance_semantic_masks.py:28] [INFO] results/semantic_image/Image/sam_mask/26 assign label: [ 0, background, 1.00, 0.0126 ]
[2025-07-15 14:13:19,733] [enhance_semantic_masks.py:28] [INFO] results/semantic_image/Image/sam_mask/27 assign label: [ 70, potato, 0.68, 0.0033 ]
[2025-07-15 14:13:19,741] [enhance_semantic_masks.py:28] [INFO] results/semantic_image/Image/sam_mask/28 assign label: [ 101, white button mushroom, 0.59, 0.0022 ]
[2025-07-15 14:13:19,758] [enhance_semantic_masks.py:28] [INFO] results/semantic_image/Image/sam_mask/29 assign label: [ 0, background, 0.68, 0.0045 ]
[2025-07-15 14:13:19,868] [enhance_semantic_masks.py:28] [INFO] results/semantic_image/Image/sam_mask/30 assign label: [ 25, apple, 0.72, 0.0290 ]
[2025-07-15 14:13:19,872] [enhance_semantic_masks.py:28] [INFO] results/semantic_image/Image/sam_mask/31 assign label: [ 0, background, 1.00, 0.0008 ]
[2025-07-15 14:13:20,747] [enhance_semantic_masks.py:28] [INFO] results/semantic_image/Image/sam_mask/32 assign label: [ 29, banana, 0.94, 0.1987 ]
[2025-07-15 14:13:20,750] [enhance_semantic_masks.py:28] [INFO] results/semantic_image/Image/sam_mask/33 assign label: [ 0, background, 1.00, 0.0005 ]
[2025-07-15 14:13:20,754] [enhance_semantic_masks.py:28] [INFO] results/semantic_image/Image/sam_mask/34 assign label: [ 0, background, 1.00, 0.0009 ]
[2025-07-15 14:13:20,763] [enhance_semantic_masks.py:28] [INFO] results/semantic_image/Image/sam_mask/35 assign label: [ 0, background, 0.99, 0.0024 ]
[2025-07-15 14:13:20,771] [enhance_semantic_masks.py:28] [INFO] results/semantic_image/Image/sam_mask/36 assign label: [ 0, background, 1.00, 0.0021 ]
[2025-07-15 14:13:20,800] [enhance_semantic_masks.py:28] [INFO] results/semantic_image/Image/sam_mask/37 assign label: [ 47, pork, 0.80, 0.0082 ]
[2025-07-15 14:13:20,828] [enhance_semantic_masks.py:28] [INFO] results/semantic_image/Image/sam_mask/38 assign label: [ 47, pork, 0.44, 0.0077 ]
[2025-07-15 14:13:20,835] [enhance_semantic_masks.py:28] [INFO] results/semantic_image/Image/sam_mask/39 assign label: [ 0, background, 0.92, 0.0017 ]
[2025-07-15 14:13:20,882] [enhance_semantic_masks.py:28] [INFO] results/semantic_image/Image/sam_mask/40 assign label: [ 52, sauce, 0.69, 0.0126 ]
[2025-07-15 14:13:20,893] [enhance_semantic_masks.py:28] [INFO] results/semantic_image/Image/sam_mask/41 assign label: [ 87, broccoli, 0.47, 0.0032 ]
[2025-07-15 14:13:20,900] [enhance_semantic_masks.py:28] [INFO] results/semantic_image/Image/sam_mask/42 assign label: [ 0, background, 0.98, 0.0017 ]
[2025-07-15 14:13:20,939] [enhance_semantic_masks.py:28] [INFO] results/semantic_image/Image/sam_mask/43 assign label: [ 47, pork, 0.85, 0.0109 ]
[2025-07-15 14:13:20,951] [enhance_semantic_masks.py:28] [INFO] results/semantic_image/Image/sam_mask/44 assign label: [ 0, background, 0.41, 0.0033 ]
[2025-07-15 14:13:20,960] [enhance_semantic_masks.py:28] [INFO] results/semantic_image/Image/sam_mask/45 assign label: [ 47, pork, 1.00, 0.0023 ]
[2025-07-15 14:13:21,140] [enhance_semantic_masks.py:28] [INFO] results/semantic_image/Image/sam_mask/46 assign label: [ 44, orange, 0.70, 0.0443 ]
[2025-07-15 14:13:21,156] [enhance_semantic_masks.py:28] [INFO] results/semantic_image/Image/sam_mask/47 assign label: [ 47, pork, 0.53, 0.0044 ]
[2025-07-15 14:13:21,173] [enhance_semantic_masks.py:28] [INFO] results/semantic_image/Image/sam_mask/48 assign label: [ 0, background, 0.96, 0.0049 ]
[2025-07-15 14:13:21,215] [enhance_semantic_masks.py:28] [INFO] results/semantic_image/Image/sam_mask/49 assign label: [ 47, pork, 0.78, 0.0120 ]
[2025-07-15 14:13:21,220] [enhance_semantic_masks.py:28] [INFO] results/semantic_image/Image/sam_mask/50 assign label: [ 0, background, 0.66, 0.0012 ]
[2025-07-15 14:13:21,291] [enhance_semantic_masks.py:28] [INFO] results/semantic_image/Image/sam_mask/51 assign label: [ 0, background, 0.95, 0.0195 ]
[2025-07-15 14:13:21,302] [enhance_semantic_masks.py:28] [INFO] results/semantic_image/Image/sam_mask/52 assign label: [ 70, potato, 0.35, 0.0030 ]
[2025-07-15 14:13:21,305] [enhance_semantic_masks.py:28] [INFO] results/semantic_image/Image/sam_mask/53 assign label: [ 0, background, 0.95, 0.0004 ]
[2025-07-15 14:13:21,308] [enhance_semantic_masks.py:28] [INFO] results/semantic_image/Image/sam_mask/54 assign label: [ 0, background, 1.00, 0.0005 ]
[2025-07-15 14:13:21,326] [enhance_semantic_masks.py:28] [INFO] results/semantic_image/Image/sam_mask/55 assign label: [ 0, background, 0.61, 0.0053 ]
[2025-07-15 14:13:21,375] [enhance_semantic_masks.py:28] [INFO] results/semantic_image/Image/sam_mask/56 assign label: [ 47, pork, 0.68, 0.0130 ]
[2025-07-15 14:13:21,798] [enhance_semantic_masks.py:28] [INFO] results/semantic_image/Image/sam_mask/57 assign label: [ 47, pork, 0.35, 0.1014 ]
[2025-07-15 14:13:21,853] [enhance_semantic_masks.py:28] [INFO] results/semantic_image/Image/sam_mask/58 assign label: [ 44, orange, 0.63, 0.0152 ]
[2025-07-15 14:13:21,897] [enhance_semantic_masks.py:28] [INFO] results/semantic_image/Image/sam_mask/59 assign label: [ 47, pork, 0.72, 0.0117 ]
[2025-07-15 14:13:21,914] [enhance_semantic_masks.py:28] [INFO] results/semantic_image/Image/sam_mask/60 assign label: [ 87, broccoli, 0.35, 0.0044 ]
[2025-07-15 14:13:21,920] [enhance_semantic_masks.py:28] [INFO] results/semantic_image/Image/sam_mask/61 assign label: [ 0, background, 0.74, 0.0016 ]
[2025-07-15 14:13:21,924] [enhance_semantic_masks.py:28] [INFO] results/semantic_image/Image/sam_mask/62 assign label: [ 70, potato, 1.00, 0.0008 ]
[2025-07-15 14:13:22,065] [enhance_semantic_masks.py:28] [INFO] results/semantic_image/Image/sam_mask/63 assign label: [ 44, orange, 0.63, 0.0367 ]
[2025-07-15 14:13:22,069] [enhance_semantic_masks.py:28] [INFO] results/semantic_image/Image/sam_mask/64 assign label: [ 0, background, 1.00, 0.0011 ]
[2025-07-15 14:13:22,073] [enhance_semantic_masks.py:28] [INFO] results/semantic_image/Image/sam_mask/65 assign label: [ 0, background, 0.99, 0.0006 ]
[2025-07-15 14:13:22,086] [enhance_semantic_masks.py:28] [INFO] results/semantic_image/Image/sam_mask/66 assign label: [ 29, banana, 0.90, 0.0037 ]
[2025-07-15 14:13:22,103] [enhance_semantic_masks.py:28] [INFO] results/semantic_image/Image/sam_mask/67 assign label: [ 0, background, 0.88, 0.0047 ]
[2025-07-15 14:13:22,108] [enhance_semantic_masks.py:28] [INFO] results/semantic_image/Image/sam_mask/68 assign label: [ 48, chicken duck, 0.76, 0.0013 ]
[2025-07-15 14:13:22,112] [enhance_semantic_masks.py:28] [INFO] results/semantic_image/Image/sam_mask/69 assign label: [ 29, banana, 1.00, 0.0008 ]
[2025-07-15 14:13:22,118] [enhance_semantic_masks.py:28] [INFO] results/semantic_image/Image/sam_mask/70 assign label: [ 29, banana, 1.00, 0.0015 ]
[2025-07-15 14:13:22,191] [enhance_semantic_masks.py:28] [INFO] results/semantic_image/Image/sam_mask/71 assign label: [ 48, chicken duck, 0.66, 0.0199 ]
[2025-07-15 14:13:22,206] [enhance_semantic_masks.py:28] [INFO] results/semantic_image/Image/sam_mask/72 assign label: [ 0, background, 0.98, 0.0041 ]
[2025-07-15 14:13:22,221] [enhance_semantic_masks.py:28] [INFO] results/semantic_image/Image/sam_mask/73 assign label: [ 0, background, 0.95, 0.0043 ]
[2025-07-15 14:13:22,354] [enhance_semantic_masks.py:28] [INFO] results/semantic_image/Image/sam_mask/74 assign label: [ 46, steak, 0.26, 0.0336 ]
[2025-07-15 14:13:22,375] [enhance_semantic_masks.py:28] [INFO] results/semantic_image/Image/sam_mask/75 assign label: [ 0, background, 0.83, 0.0060 ]
[2025-07-15 14:13:22,381] [enhance_semantic_masks.py:28] [INFO] results/semantic_image/Image/sam_mask/76 assign label: [ 0, background, 1.00, 0.0015 ]
[2025-07-15 14:13:22,384] [enhance_semantic_masks.py:28] [INFO] results/semantic_image/Image/sam_mask/77 assign label: [ 0, background, 1.00, 0.0007 ]
[2025-07-15 14:13:22,390] [enhance_semantic_masks.py:28] [INFO] results/semantic_image/Image/sam_mask/78 assign label: [ 0, background, 0.95, 0.0013 ]
[2025-07-15 14:13:22,673] [enhance_semantic_masks.py:28] [INFO] results/semantic_image/Image/sam_mask/79 assign label: [ 44, orange, 0.70, 0.0690 ]
[2025-07-15 14:13:22,715] [enhance_semantic_masks.py:28] [INFO] results/semantic_image/Image/sam_mask/80 assign label: [ 0, background, 0.41, 0.0117 ]
[2025-07-15 14:13:22,718] [enhance_semantic_masks.py:28] [INFO] results/semantic_image/Image/sam_mask/81 assign label: [ 48, chicken duck, 0.68, 0.0005 ]
[2025-07-15 14:13:22,790] [enhance_semantic_masks.py:28] [INFO] results/semantic_image/Image/sam_mask/82 assign label: [ 48, chicken duck, 0.67, 0.0197 ]
[2025-07-15 14:13:23,071] [enhance_semantic_masks.py:28] [INFO] results/semantic_image/Image/sam_mask/83 assign label: [ 44, orange, 0.69, 0.0695 ]
[2025-07-15 14:13:23,165] [enhance_semantic_masks.py:28] [INFO] results/semantic_image/Image/sam_mask/84 assign label: [ 44, orange, 0.55, 0.0253 ]
[2025-07-15 14:13:23,175] [enhance_semantic_masks.py:28] [INFO] results/semantic_image/Image/sam_mask/85 assign label: [ 0, background, 0.92, 0.0026 ]
[2025-07-15 14:13:23,712] [enhance_semantic_masks.py:28] [INFO] results/semantic_image/Image/sam_mask/86 assign label: [ 29, banana, 0.94, 0.1298 ]
[2025-07-15 14:13:23,720] [enhance_semantic_masks.py:28] [INFO] results/semantic_image/Image/sam_mask/87 assign label: [ 70, potato, 0.63, 0.0021 ]
[2025-07-15 14:13:24,101] [enhance_semantic_masks.py:28] [INFO] results/semantic_image/Image/sam_mask/88 assign label: [ 44, orange, 0.75, 0.0890 ]
[2025-07-15 14:13:24,103] [enhance_semantic_masks.py:28] [INFO] results/semantic_image/Image/sam_mask/89 assign label: [ 0, background, 1.00, 0.0003 ]
[2025-07-15 14:13:26,334] [semantic.py:310] [INFO] enhance semantic masks done!

[2025-07-15 14:13:26,335] [semantic.py:317] [INFO] The results saved in results/semantic_image!

